
> learning-system-api@1.0.0 start
> node server.js

✅ 資料庫連接成功

🚀 智慧學習歷程系統 API 伺服器已啟動
📍 伺服器位址: http://localhost:3000
📍 API 端點: http://localhost:3000/api
🔧 環境: development

可用的 API 端點:
  POST   /api/auth/login          - 登入
  POST   /api/auth/register       - 註冊
  GET    /api/students            - 取得學生列表
  GET    /api/teachers            - 取得教師列表
  GET    /api/courses             - 取得課程列表
  GET    /api/logs                - 取得日誌列表
  GET    /api/settings            - 取得系統設定

✅ 點數系統資料表已就緒
[2026-09-29T02:52:15.183Z] GET /api/students/2/records
[2026-09-29T02:52:25.375Z] GET /api/auth/profile
[2026-09-29T02:52:25.604Z] GET /api/schedules/my-classes
[2026-09-29T02:52:25.605Z] GET /api/announcements/my
[2026-09-29T02:52:29.828Z] GET /api/auth/profile
[2026-09-29T02:52:29.895Z] GET /api/schedules/my-classes
[2026-09-29T02:52:29.898Z] GET /api/announcements/my
[2026-09-29T02:52:30.048Z] GET /api/schedules/3/students
[2026-09-29T02:52:30.073Z] POST /api/points/batch
[2026-09-29T02:52:30.095Z] GET /api/students/2
[2026-09-29T02:52:30.116Z] GET /api/students/2/skill-averages
[2026-09-29T02:52:34.007Z] GET /api/auth/profile
[2026-09-29T02:52:34.044Z] GET /api/schedules/my-classes
[2026-09-29T02:52:34.048Z] GET /api/announcements/my
[2026-09-29T02:52:34.471Z] GET /api/schedules/3/students
[2026-09-29T02:52:34.523Z] POST /api/points/batch
[2026-09-29T02:52:34.532Z] GET /api/students/2
[2026-09-29T02:52:34.572Z] GET /api/students/2/skill-averages
[2026-09-29T02:52:40.804Z] GET /api/students/2
[2026-09-29T02:52:40.908Z] GET /api/students/2/skill-averages
[2026-09-29T02:52:40.961Z] GET /api/students/2/records
[2026-09-29T02:53:20.357Z] GET /api/auth/profile
[2026-09-29T02:53:20.415Z] GET /api/schedules/my-classes
[2026-09-29T02:53:20.418Z] GET /api/announcements/my
[2026-09-29T02:53:20.437Z] GET /api/schedules/3/students
[2026-09-29T02:53:20.926Z] POST /api/points/batch
[2026-09-29T02:53:20.980Z] GET /api/students/2
[2026-09-29T02:53:20.989Z] GET /api/students/2/skill-averages
[2026-09-29T02:54:05.119Z] GET /api/auth/profile
[2026-09-29T02:54:05.160Z] GET /api/schedules/my-classes
[2026-09-29T02:54:05.163Z] GET /api/announcements/my
[2026-09-29T02:54:05.456Z] GET /api/schedules/3/students
[2026-09-29T02:54:05.667Z] POST /api/points/batch
[2026-09-29T02:54:05.691Z] GET /api/students/2
[2026-09-29T02:54:05.758Z] GET /api/students/2/skill-averages
[2026-09-29T02:54:50.723Z] GET /api/auth/profile
[2026-09-29T02:54:50.766Z] GET /api/schedules/my-classes
[2026-09-29T02:54:50.768Z] GET /api/announcements/my
[2026-09-29T02:54:51.212Z] GET /api/schedules/3/students
[2026-09-29T02:54:51.261Z] POST /api/points/batch
[2026-09-29T02:54:51.289Z] GET /api/students/2
[2026-09-29T02:54:51.316Z] GET /api/students/2/skill-averages
[2026-09-29T02:55:37.151Z] GET /api/auth/profile
[2026-09-29T02:55:37.176Z] GET /api/announcements/my
[2026-09-29T02:55:37.177Z] GET /api/schedules/my-classes
[2026-09-29T02:55:37.225Z] GET /api/schedules/3/students
[2026-09-29T02:55:37.238Z] POST /api/points/batch
[2026-09-29T02:55:37.251Z] GET /api/students/2
[2026-09-29T02:55:37.266Z] GET /api/students/2/skill-averages
[2026-09-29T02:55:37.436Z] GET /api/auth/profile
[2026-09-29T02:55:37.464Z] GET /api/schedules/my-classes
[2026-09-29T02:55:37.465Z] GET /api/announcements/my
[2026-09-29T02:55:37.526Z] GET /api/schedules/3/students
[2026-09-29T02:55:37.539Z] POST /api/points/batch
[2026-09-29T02:55:37.550Z] GET /api/students/2
[2026-09-29T02:55:37.567Z] GET /api/students/2/skill-averages
[2026-09-29T02:55:37.966Z] GET /api/auth/profile
[2026-09-29T02:55:37.980Z] GET /api/schedules/my-classes
[2026-09-29T02:55:37.980Z] GET /api/announcements/my
[2026-09-29T02:55:37.993Z] GET /api/schedules/3/students
[2026-09-29T02:55:37.999Z] POST /api/points/batch
[2026-09-29T02:55:38.013Z] GET /api/students/2
[2026-09-29T02:55:38.033Z] GET /api/students/2/skill-averages
[2026-09-29T02:55:40.164Z] GET /api/students/2
[2026-09-29T02:55:40.170Z] GET /api/students/2/skill-averages
[2026-09-29T02:55:40.178Z] GET /api/students/2
[2026-09-29T02:55:40.188Z] GET /api/students/2/skill-averages
[2026-09-29T02:55:40.208Z] GET /api/students/2/records
[2026-09-29T02:55:44.369Z] GET /api/competitions/student/2
[2026-09-29T02:55:51.821Z] POST /api/upload/photo
[2026-09-29T02:55:52.031Z] GET /api/auth/profile
[2026-09-29T02:55:52.053Z] GET /api/schedules/my-classes
[2026-09-29T02:55:52.054Z] GET /api/announcements/my
[2026-09-29T02:55:52.112Z] GET /api/schedules/3/students
[2026-09-29T02:55:52.128Z] POST /api/points/batch
[2026-09-29T02:55:52.145Z] GET /api/students/2
[2026-09-29T02:55:52.161Z] GET /api/students/2/skill-averages
[2026-09-29T02:56:06.722Z] POST /api/upload/photo
[2026-09-29T02:56:06.981Z] GET /api/auth/profile
[2026-09-29T02:56:06.999Z] GET /api/schedules/my-classes
[2026-09-29T02:56:07.001Z] GET /api/announcements/my
[2026-09-29T02:56:07.228Z] GET /api/schedules/3/students
[2026-09-29T02:56:07.245Z] POST /api/points/batch
[2026-09-29T02:56:07.264Z] GET /api/students/2
[2026-09-29T02:56:07.281Z] GET /api/students/2/skill-averages
[2026-09-29T02:56:25.177Z] GET /api/auth/profile
[2026-09-29T02:56:25.237Z] GET /api/schedules/my-classes
[2026-09-29T02:56:25.237Z] GET /api/announcements/my
[2026-09-29T02:56:25.521Z] GET /api/schedules/3/students
[2026-09-29T02:56:25.721Z] POST /api/points/batch
[2026-09-29T02:56:25.734Z] GET /api/students/2
[2026-09-29T02:56:25.781Z] GET /api/students/2/skill-averages
[2026-09-29T02:57:13.702Z] GET /api/auth/profile
[2026-09-29T02:57:13.759Z] GET /api/schedules/my-classes
[2026-09-29T02:57:13.761Z] GET /api/announcements/my
[2026-09-29T02:57:13.789Z] GET /api/schedules/3/students
[2026-09-29T02:57:14.215Z] POST /api/points/batch
[2026-09-29T02:57:14.257Z] GET /api/students/2
[2026-09-29T02:57:14.280Z] GET /api/students/2/skill-averages
[2026-09-29T02:57:35.758Z] POST /api/competitions
[2026-09-29T02:57:40.262Z] DELETE /api/competitions/12
[2026-09-29T02:57:54.546Z] GET /api/auth/profile
[2026-09-29T02:57:54.602Z] GET /api/schedules/my-classes
[2026-09-29T02:57:54.603Z] GET /api/announcements/my
[2026-09-29T02:57:54.851Z] GET /api/schedules/3/students
[2026-09-29T02:57:55.044Z] POST /api/points/batch
[2026-09-29T02:57:55.057Z] GET /api/students/2
[2026-09-29T02:57:55.114Z] GET /api/students/2/skill-averages
[2026-09-29T02:58:03.978Z] GET /api/auth/profile
[2026-09-29T02:58:04.034Z] GET /api/schedules/my-classes
[2026-09-29T02:58:04.038Z] GET /api/announcements/my
[2026-09-29T02:58:04.484Z] GET /api/schedules/3/students
[2026-09-29T02:58:04.515Z] POST /api/points/batch
[2026-09-29T02:58:04.535Z] GET /api/students/2
[2026-09-29T02:58:04.567Z] GET /api/students/2/skill-averages
[2026-09-29T02:58:51.118Z] GET /api/auth/profile
[2026-09-29T02:58:51.158Z] GET /api/schedules/my-classes
[2026-09-29T02:58:51.162Z] GET /api/announcements/my
[2026-09-29T02:58:51.590Z] GET /api/schedules/3/students
[2026-09-29T02:58:51.649Z] POST /api/points/batch
[2026-09-29T02:58:51.668Z] GET /api/students/2
[2026-09-29T02:58:51.699Z] GET /api/students/2/skill-averages
[2026-09-29T02:59:33.573Z] GET /api/auth/profile
[2026-09-29T02:59:33.605Z] GET /api/schedules/my-classes
[2026-09-29T02:59:33.606Z] GET /api/announcements/my
[2026-09-29T02:59:33.641Z] GET /api/schedules/3/students
[2026-09-29T02:59:33.646Z] POST /api/points/batch
[2026-09-29T02:59:33.653Z] GET /api/students/2
[2026-09-29T02:59:33.661Z] GET /api/students/2/skill-averages
[2026-09-29T02:59:37.238Z] GET /api/auth/profile
[2026-09-29T02:59:37.267Z] GET /api/schedules/my-classes
[2026-09-29T02:59:37.268Z] GET /api/announcements/my
[2026-09-29T02:59:37.277Z] GET /api/schedules/3/students
[2026-09-29T02:59:37.303Z] POST /api/points/batch
[2026-09-29T02:59:37.308Z] GET /api/students/2
[2026-09-29T02:59:37.321Z] GET /api/students/2/skill-averages
[2026-09-29T02:59:48.308Z] POST /api/upload/photo
[2026-09-29T02:59:48.489Z] GET /api/auth/profile
[2026-09-29T02:59:48.516Z] GET /api/schedules/my-classes
[2026-09-29T02:59:48.517Z] GET /api/announcements/my
[2026-09-29T02:59:48.576Z] GET /api/schedules/3/students
[2026-09-29T02:59:48.593Z] POST /api/points/batch
[2026-09-29T02:59:48.608Z] GET /api/students/2
[2026-09-29T02:59:48.625Z] GET /api/students/2/skill-averages
[2026-09-29T02:59:55.764Z] GET /api/students/2
[2026-09-29T02:59:55.771Z] GET /api/students/2/skill-averages
[2026-09-29T02:59:55.781Z] GET /api/students/2
[2026-09-29T02:59:55.786Z] GET /api/students/2/skill-averages
[2026-09-29T02:59:55.834Z] GET /api/students/2/records
[2026-09-29T02:59:58.049Z] GET /api/competitions/student/2
[2026-09-29T03:00:25.560Z] GET /api/auth/profile
[2026-09-29T03:00:25.580Z] GET /api/schedules/my-classes
[2026-09-29T03:00:25.581Z] GET /api/announcements/my
[2026-09-29T03:00:25.807Z] GET /api/schedules/3/students
[2026-09-29T03:00:25.826Z] POST /api/points/batch
[2026-09-29T03:00:25.846Z] GET /api/students/2
[2026-09-29T03:00:25.863Z] GET /api/students/2/skill-averages
[2026-09-29T03:01:13.067Z] GET /api/auth/profile
[2026-09-29T03:01:13.132Z] GET /api/schedules/my-classes
[2026-09-29T03:01:13.135Z] GET /api/announcements/my
[2026-09-29T03:01:13.144Z] GET /api/schedules/3/students
[2026-09-29T03:01:13.238Z] POST /api/points/batch
[2026-09-29T03:01:13.260Z] GET /api/students/2
[2026-09-29T03:01:13.268Z] GET /api/students/2/skill-averages
[2026-09-29T03:01:21.730Z] GET /api/auth/profile
[2026-09-29T03:01:21.789Z] GET /api/schedules/my-classes
[2026-09-29T03:01:21.790Z] GET /api/announcements/my
[2026-09-29T03:01:21.799Z] GET /api/schedules/3/students
[2026-09-29T03:01:21.853Z] POST /api/points/batch
[2026-09-29T03:01:21.878Z] GET /api/students/2
[2026-09-29T03:01:21.885Z] GET /api/students/2/skill-averages
[2026-09-29T03:02:00.652Z] GET /api/auth/profile
[2026-09-29T03:02:00.711Z] GET /api/schedules/my-classes
[2026-09-29T03:02:00.712Z] GET /api/announcements/my
[2026-09-29T03:02:00.722Z] GET /api/schedules/3/students
[2026-09-29T03:02:00.799Z] POST /api/points/batch
[2026-09-29T03:02:00.808Z] GET /api/students/2
[2026-09-29T03:02:00.830Z] GET /api/students/2/skill-averages
[2026-09-29T03:02:01.028Z] GET /api/auth/profile
[2026-09-29T03:02:01.314Z] GET /api/schedules/my-classes
[2026-09-29T03:02:01.316Z] GET /api/announcements/my
[2026-09-29T03:02:01.481Z] GET /api/schedules/3/students
[2026-09-29T03:02:01.493Z] POST /api/points/batch
[2026-09-29T03:02:01.501Z] GET /api/students/2
[2026-09-29T03:02:01.564Z] GET /api/students/2/skill-averages
[2026-09-29T03:02:01.707Z] GET /favicon.ico
[2026-09-29T03:02:05.821Z] GET /api/auth/profile
[2026-09-29T03:02:05.893Z] GET /api/schedules/my-classes
[2026-09-29T03:02:05.895Z] GET /api/announcements/my
[2026-09-29T03:02:05.931Z] GET /api/schedules/3/students
[2026-09-29T03:02:05.959Z] POST /api/points/batch
[2026-09-29T03:02:05.967Z] GET /api/students/2
[2026-09-29T03:02:06.037Z] GET /api/students/2/skill-averages
[2026-09-29T03:02:47.755Z] GET /api/auth/profile
[2026-09-29T03:02:47.794Z] GET /api/schedules/my-classes
[2026-09-29T03:02:47.795Z] GET /api/announcements/my
[2026-09-29T03:02:47.869Z] GET /api/schedules/3/students
[2026-09-29T03:02:47.877Z] POST /api/points/batch
[2026-09-29T03:02:47.896Z] GET /api/students/2
[2026-09-29T03:02:47.923Z] GET /api/students/2/skill-averages
[2026-09-29T03:03:34.211Z] GET /api/auth/profile
[2026-09-29T03:03:34.271Z] GET /api/schedules/my-classes
[2026-09-29T03:03:34.271Z] GET /api/announcements/my
[2026-09-29T03:03:34.351Z] GET /api/schedules/3/students
[2026-09-29T03:03:34.361Z] POST /api/points/batch
[2026-09-29T03:03:34.452Z] GET /api/students/2
[2026-09-29T03:03:34.463Z] GET /api/students/2/skill-averages
[2026-09-29T03:03:52.078Z] GET /api/auth/profile
[2026-09-29T03:03:52.116Z] GET /api/schedules/my-classes
[2026-09-29T03:03:52.117Z] GET /api/announcements/my
[2026-09-29T03:03:52.135Z] GET /api/schedules/3/students
[2026-09-29T03:03:52.215Z] POST /api/points/batch
[2026-09-29T03:03:52.222Z] GET /api/students/2
[2026-09-29T03:03:52.242Z] GET /api/students/2/skill-averages
[2026-09-29T03:04:21.021Z] GET /api/auth/profile
[2026-09-29T03:04:21.074Z] GET /api/schedules/my-classes
[2026-09-29T03:04:21.075Z] GET /api/announcements/my
[2026-09-29T03:04:21.085Z] GET /api/schedules/3/students
[2026-09-29T03:04:21.092Z] POST /api/points/batch
[2026-09-29T03:04:21.099Z] GET /api/students/2
[2026-09-29T03:04:21.168Z] GET /api/students/2/skill-averages
[2026-09-29T03:05:05.577Z] GET /api/auth/profile
[2026-09-29T03:05:05.623Z] GET /api/schedules/my-classes
[2026-09-29T03:05:05.625Z] GET /api/announcements/my
[2026-09-29T03:05:05.633Z] GET /api/schedules/3/students
[2026-09-29T03:05:05.701Z] POST /api/points/batch
[2026-09-29T03:05:05.709Z] GET /api/students/2
[2026-09-29T03:05:05.717Z] GET /api/students/2/skill-averages
[2026-09-29T03:05:50.418Z] GET /api/auth/profile
[2026-09-29T03:05:50.445Z] GET /api/schedules/my-classes
[2026-09-29T03:05:50.446Z] GET /api/announcements/my
[2026-09-29T03:05:50.683Z] GET /api/schedules/3/students
[2026-09-29T03:05:50.695Z] POST /api/points/batch
[2026-09-29T03:05:50.712Z] GET /api/students/2
[2026-09-29T03:05:50.723Z] GET /api/students/2/skill-averages
[2026-09-29T03:06:34.795Z] GET /api/auth/profile
[2026-09-29T03:06:34.835Z] GET /api/schedules/my-classes
[2026-09-29T03:06:34.839Z] GET /api/announcements/my
[2026-09-29T03:06:35.280Z] GET /api/schedules/3/students
[2026-09-29T03:06:35.330Z] POST /api/points/batch
[2026-09-29T03:06:35.360Z] GET /api/students/2
[2026-09-29T03:06:35.384Z] GET /api/students/2/skill-averages
[2026-09-29T03:07:19.671Z] GET /api/auth/profile
[2026-09-29T03:07:19.705Z] GET /api/schedules/my-classes
[2026-09-29T03:07:19.707Z] GET /api/announcements/my
[2026-09-29T03:07:20.101Z] GET /api/schedules/3/students
[2026-09-29T03:07:20.173Z] POST /api/points/batch
[2026-09-29T03:07:20.207Z] GET /api/students/2
[2026-09-29T03:07:20.248Z] GET /api/students/2/skill-averages
[2026-09-29T03:07:49.825Z] POST /api/auth/login
[2026-09-29T03:07:51.034Z] GET /api/auth/profile
[2026-09-29T03:07:51.035Z] POST /api/api/logs/auto-create-my
[2026-09-29T03:07:51.037Z] GET /api/announcements/my
[2026-09-29T03:07:51.042Z] GET /api/schedules/my-classes
[2026-09-29T03:07:51.043Z] GET /api/schedules
[2026-09-29T03:07:51.050Z] GET /api/logs/my-status
日誌相關資料表檢查完成
[2026-09-29T03:07:52.858Z] GET /api/auth/profile
[2026-09-29T03:07:52.902Z] GET /api/schedules/my-classes
[2026-09-29T03:07:52.904Z] GET /api/announcements/my
[2026-09-29T03:07:52.918Z] GET /api/schedules/3/students
[2026-09-29T03:07:52.924Z] POST /api/points/batch
[2026-09-29T03:07:52.929Z] GET /api/students/2
[2026-09-29T03:07:52.941Z] GET /api/students/2/skill-averages
[2026-09-29T03:08:01.993Z] POST /api/upload/photo
[2026-09-29T03:08:02.199Z] GET /api/auth/profile
[2026-09-29T03:08:02.226Z] GET /api/schedules/my-classes
[2026-09-29T03:08:02.226Z] GET /api/announcements/my
[2026-09-29T03:08:02.235Z] GET /api/schedules/3/students
[2026-09-29T03:08:02.241Z] POST /api/points/batch
[2026-09-29T03:08:02.252Z] GET /api/students/2
[2026-09-29T03:08:02.264Z] GET /api/students/2/skill-averages
[2026-09-29T03:08:02.294Z] GET /api/auth/profile
[2026-09-29T03:08:02.323Z] GET /api/schedules/my-classes
[2026-09-29T03:08:02.323Z] GET /api/announcements/my
[2026-09-29T03:08:02.758Z] GET /api/schedules/3/students
[2026-09-29T03:08:02.768Z] POST /api/points/batch
[2026-09-29T03:08:02.811Z] GET /api/students/2
[2026-09-29T03:08:02.820Z] GET /api/students/2/skill-averages
[2026-09-29T03:08:05.313Z] GET /api/auth/profile
[2026-09-29T03:08:05.330Z] GET /api/schedules/my-classes
[2026-09-29T03:08:05.333Z] GET /api/announcements/my
[2026-09-29T03:08:05.340Z] GET /api/schedules/3/students
[2026-09-29T03:08:05.346Z] POST /api/points/batch
[2026-09-29T03:08:05.351Z] GET /api/students/2
[2026-09-29T03:08:05.357Z] GET /api/students/2/skill-averages
[2026-09-29T03:08:05.385Z] GET /api/auth/profile
[2026-09-29T03:08:05.410Z] GET /api/schedules/my-classes
[2026-09-29T03:08:05.411Z] GET /api/announcements/my
[2026-09-29T03:08:05.845Z] GET /api/schedules/3/students
[2026-09-29T03:08:05.905Z] POST /api/points/batch
[2026-09-29T03:08:05.919Z] GET /api/students/2
[2026-09-29T03:08:05.947Z] GET /api/students/2/skill-averages
[2026-09-29T03:08:36.071Z] POST /api/upload/photo
[2026-09-29T03:08:36.345Z] GET /api/auth/profile
[2026-09-29T03:08:36.375Z] GET /api/auth/profile
[2026-09-29T03:08:36.385Z] GET /api/schedules/my-classes
[2026-09-29T03:08:36.391Z] GET /api/announcements/my
[2026-09-29T03:08:36.410Z] GET /api/schedules/3/students
[2026-09-29T03:08:36.423Z] GET /api/schedules/my-classes
[2026-09-29T03:08:36.425Z] GET /api/announcements/my
[2026-09-29T03:08:36.451Z] POST /api/points/batch
[2026-09-29T03:08:36.457Z] GET /api/students/2
[2026-09-29T03:08:36.467Z] GET /api/students/2/skill-averages
[2026-09-29T03:08:36.842Z] GET /api/schedules/3/students
[2026-09-29T03:08:36.888Z] POST /api/points/batch
[2026-09-29T03:08:36.904Z] GET /api/students/2
[2026-09-29T03:08:36.931Z] GET /api/students/2/skill-averages
[2026-09-29T03:08:52.156Z] GET /api/auth/profile
[2026-09-29T03:08:52.227Z] GET /api/schedules/my-classes
[2026-09-29T03:08:52.230Z] GET /api/announcements/my
[2026-09-29T03:08:52.262Z] GET /api/schedules/3/students
[2026-09-29T03:08:52.262Z] GET /api/auth/profile
[2026-09-29T03:08:52.304Z] GET /api/schedules/my-classes
[2026-09-29T03:08:52.307Z] GET /api/announcements/my
[2026-09-29T03:08:52.332Z] POST /api/points/batch
[2026-09-29T03:08:52.342Z] GET /api/students/2
[2026-09-29T03:08:52.350Z] GET /api/students/2/skill-averages
[2026-09-29T03:08:52.727Z] GET /api/schedules/3/students
[2026-09-29T03:08:52.779Z] POST /api/points/batch
[2026-09-29T03:08:52.797Z] GET /api/students/2
[2026-09-29T03:08:52.829Z] GET /api/students/2/skill-averages
[2026-09-29T03:09:32.585Z] GET /api/auth/profile
[2026-09-29T03:09:32.810Z] GET /api/schedules/my-classes
[2026-09-29T03:09:32.811Z] GET /api/announcements/my
[2026-09-29T03:09:32.887Z] GET /api/schedules/3/students
[2026-09-29T03:09:32.893Z] POST /api/points/batch
[2026-09-29T03:09:32.913Z] GET /api/students/2
[2026-09-29T03:09:32.938Z] GET /api/students/2/skill-averages
[2026-09-29T03:09:37.405Z] GET /api/auth/profile
[2026-09-29T03:09:37.406Z] GET /api/auth/profile
[2026-09-29T03:09:37.464Z] GET /api/schedules/my-classes
[2026-09-29T03:09:37.464Z] GET /api/announcements/my
[2026-09-29T03:09:37.470Z] GET /api/schedules/my-classes
[2026-09-29T03:09:37.473Z] GET /api/announcements/my
[2026-09-29T03:09:37.484Z] GET /api/schedules/3/students
[2026-09-29T03:09:37.495Z] POST /api/points/batch
[2026-09-29T03:09:37.497Z] GET /api/schedules/3/students
[2026-09-29T03:09:37.509Z] GET /api/students/2
[2026-09-29T03:09:37.520Z] GET /api/students/2/skill-averages
[2026-09-29T03:09:37.899Z] POST /api/points/batch
[2026-09-29T03:09:37.958Z] GET /api/students/2
[2026-09-29T03:09:37.967Z] GET /api/students/2/skill-averages
[2026-09-29T03:09:38.274Z] GET /api/auth/profile
[2026-09-29T03:09:38.345Z] GET /api/schedules/my-classes
[2026-09-29T03:09:38.350Z] GET /api/announcements/my
[2026-09-29T03:09:38.373Z] GET /api/schedules/3/students
[2026-09-29T03:09:38.387Z] POST /api/points/batch
[2026-09-29T03:09:38.394Z] GET /api/auth/profile
[2026-09-29T03:09:38.396Z] GET /api/students/2
[2026-09-29T03:09:38.413Z] GET /api/students/2/skill-averages
[2026-09-29T03:09:38.470Z] GET /api/schedules/my-classes
[2026-09-29T03:09:38.472Z] GET /api/announcements/my
[2026-09-29T03:09:38.792Z] GET /api/schedules/3/students
[2026-09-29T03:09:38.984Z] POST /api/points/batch
[2026-09-29T03:09:38.991Z] GET /api/students/2
[2026-09-29T03:09:39.036Z] GET /api/students/2/skill-averages
[2026-09-29T03:09:42.132Z] GET /api/auth/profile
[2026-09-29T03:09:42.206Z] GET /api/schedules/my-classes
[2026-09-29T03:09:42.207Z] GET /api/announcements/my
[2026-09-29T03:09:42.229Z] GET /api/schedules/3/students
[2026-09-29T03:09:42.235Z] POST /api/points/batch
[2026-09-29T03:09:42.313Z] GET /api/students/2
[2026-09-29T03:09:42.320Z] GET /api/students/2/skill-averages
[2026-09-29T03:10:23.734Z] GET /api/auth/profile
[2026-09-29T03:10:23.737Z] GET /api/auth/profile
[2026-09-29T03:10:23.786Z] GET /api/schedules/my-classes
[2026-09-29T03:10:23.793Z] GET /api/schedules/my-classes
[2026-09-29T03:10:23.794Z] GET /api/announcements/my
[2026-09-29T03:10:23.795Z] GET /api/announcements/my
[2026-09-29T03:10:23.812Z] GET /api/schedules/3/students
[2026-09-29T03:10:23.874Z] POST /api/points/batch
[2026-09-29T03:10:23.882Z] GET /api/students/2
[2026-09-29T03:10:23.905Z] GET /api/students/2/skill-averages
[2026-09-29T03:10:24.225Z] GET /api/schedules/3/students
[2026-09-29T03:10:24.301Z] POST /api/points/batch
[2026-09-29T03:10:24.324Z] GET /api/students/2
[2026-09-29T03:10:24.362Z] GET /api/students/2/skill-averages
[2026-09-29T03:11:19.771Z] POST /api/auth/login
[2026-09-29T03:11:20.944Z] POST /api/api/logs/auto-create-my
[2026-09-29T03:11:20.945Z] GET /api/auth/profile
[2026-09-29T03:11:20.946Z] GET /api/announcements/my
[2026-09-29T03:11:20.971Z] GET /api/schedules/my-classes
[2026-09-29T03:11:20.972Z] GET /api/schedules
[2026-09-29T03:11:20.982Z] GET /api/logs/my-status
[2026-09-29T03:11:24.403Z] GET /api/auth/profile
[2026-09-29T03:11:24.404Z] GET /api/announcements/my
[2026-09-29T03:11:24.431Z] GET /api/teachers
[2026-09-29T03:11:24.445Z] GET /api/schedule-calendar/daily
[2026-09-29T03:11:25.395Z] POST /api/logs/auto-create-my
[2026-09-29T03:11:25.397Z] GET /api/announcements/my
[2026-09-29T03:11:25.436Z] GET /api/logs/my-status
[2026-09-29T03:11:30.636Z] GET /api/auth/profile
[2026-09-29T03:11:30.660Z] GET /api/announcements/my
[2026-09-29T03:11:30.660Z] GET /api/schedules/my-classes
[2026-09-29T03:11:30.677Z] GET /api/schedules/3/students
[2026-09-29T03:11:30.701Z] POST /api/points/batch
[2026-09-29T03:11:30.707Z] GET /api/students/2
[2026-09-29T03:11:30.750Z] GET /api/students/2/skill-averages
[2026-09-29T03:11:37.507Z] POST /api/upload/photo
[2026-09-29T03:11:37.694Z] GET /api/auth/profile
[2026-09-29T03:11:37.718Z] GET /api/schedules/my-classes
[2026-09-29T03:11:37.719Z] GET /api/announcements/my
[2026-09-29T03:11:37.731Z] GET /api/schedules/3/students
[2026-09-29T03:11:37.759Z] POST /api/points/batch
[2026-09-29T03:11:37.774Z] GET /api/students/2
[2026-09-29T03:11:37.787Z] GET /api/students/2/skill-averages
[2026-09-29T03:11:42.157Z] GET /api/students/2
[2026-09-29T03:11:42.179Z] GET /api/students/2/skill-averages
[2026-09-29T03:11:42.203Z] GET /api/students/2/records
[2026-09-29T03:11:48.710Z] GET /api/auth/profile
[2026-09-29T03:11:48.711Z] GET /api/announcements/my
[2026-09-29T03:11:48.727Z] GET /api/teachers
[2026-09-29T03:11:48.737Z] GET /api/schedule-calendar/daily
[2026-09-29T03:11:49.676Z] GET /api/announcements/my
[2026-09-29T03:11:49.677Z] POST /api/logs/auto-create-my
[2026-09-29T03:11:49.696Z] GET /api/logs/my-status
[2026-09-29T03:12:09.072Z] POST /api/auth/login
[2026-09-29T03:12:10.245Z] GET /api/students/me
[2026-09-29T03:12:10.248Z] GET /api/announcements/my
[2026-09-29T03:12:14.545Z] GET /api/announcements/my
[2026-09-29T03:12:14.546Z] GET /api/students/me
[2026-09-29T03:12:14.589Z] GET /api/competitions/me
[2026-09-29T03:12:21.113Z] GET /api/announcements/my
[2026-09-29T03:12:21.113Z] GET /api/students/me
[2026-09-29T03:12:21.169Z] GET /api/students/me/records
[2026-09-29T03:12:22.120Z] GET /api/students/me
[2026-09-29T03:12:22.131Z] GET /api/logs/3
[2026-09-29T03:12:22.144Z] GET /api/logs/3/photos
[2026-09-29T03:12:41.526Z] GET /api/announcements/my
[2026-09-29T03:12:41.527Z] GET /api/students/me
[2026-09-29T03:12:41.548Z] GET /api/students/me/records
[2026-09-29T03:13:26.424Z] GET /api/announcements/my
[2026-09-29T03:13:26.425Z] GET /api/students/me
[2026-09-29T03:13:26.445Z] GET /api/students/me/records
[2026-09-29T03:14:11.359Z] GET /api/announcements/my
[2026-09-29T03:14:11.359Z] GET /api/students/me
[2026-09-29T03:14:11.389Z] GET /api/students/me/records
[2026-09-29T03:14:56.642Z] GET /api/announcements/my
[2026-09-29T03:14:56.643Z] GET /api/students/me
[2026-09-29T03:14:56.722Z] GET /api/students/me/records
[2026-09-29T03:15:41.344Z] GET /api/announcements/my
[2026-09-29T03:15:41.345Z] GET /api/students/me
[2026-09-29T03:15:41.429Z] GET /api/students/me/records
[2026-09-29T03:16:26.684Z] GET /api/announcements/my
[2026-09-29T03:16:26.684Z] GET /api/students/me
[2026-09-29T03:16:26.699Z] GET /api/students/me/records
[2026-09-29T03:17:11.391Z] GET /api/announcements/my
[2026-09-29T03:17:11.392Z] GET /api/students/me
[2026-09-29T03:17:11.479Z] GET /api/students/me/records
[2026-09-29T03:17:55.748Z] GET /api/announcements/my
[2026-09-29T03:17:55.749Z] GET /api/students/me
[2026-09-29T03:17:55.828Z] GET /api/students/me/records
